{"level":"\u001b[35mDEBUG\u001b[0m","time":"[TEST-ZAP] 2024-10-18 16:01:09.371","msg":"test"}
